-- xaa --
Hoge
-- xab --
Hoge
-- xac --
Huga
-- xad --
Huga
